// Jest Snapshot v1, https://goo.gl/fbAQLP

exports[`renders correctly 1`] = `
<div
  className="diceGrid"
>
  <div
    className="die"
    onClick={[Function]}
  >
    A
  </div>
  <div
    className="die"
    onClick={[Function]}
  >
    E
  </div>
  <div
    className="die"
    onClick={[Function]}
  >
    S
  </div>
  <div
    className="die"
    onClick={[Function]}
  >
    Qu
  </div>
  <div
    className="die"
    onClick={[Function]}
  >
    H
  </div>
  <div
    className="die"
    onClick={[Function]}
  >
    N
  </div>
  <div
    className="die"
    onClick={[Function]}
  >
    J
  </div>
  <div
    className="die"
    onClick={[Function]}
  >
    C
  </div>
  <div
    className="die"
    onClick={[Function]}
  >
    T
  </div>
  <div
    className="die"
    onClick={[Function]}
  >
    P
  </div>
  <div
    className="die"
    onClick={[Function]}
  >
    U
  </div>
  <div
    className="die"
    onClick={[Function]}
  >
    U
  </div>
  <div
    className="die"
    onClick={[Function]}
  >
    E
  </div>
  <div
    className="die"
    onClick={[Function]}
  >
    M
  </div>
  <div
    className="die"
    onClick={[Function]}
  >
    N
  </div>
  <div
    className="die"
    onClick={[Function]}
  >
    I
  </div>
  <div
    className="die"
    onClick={[Function]}
  >
    D
  </div>
  <div
    className="die"
    onClick={[Function]}
  >
    N
  </div>
  <div
    className="die"
    onClick={[Function]}
  >
    R
  </div>
  <div
    className="die"
    onClick={[Function]}
  >
    S
  </div>
  <div
    className="die"
    onClick={[Function]}
  >
    D
  </div>
  <div
    className="die"
    onClick={[Function]}
  >
    Y
  </div>
  <div
    className="die"
    onClick={[Function]}
  >
    W
  </div>
  <div
    className="die"
    onClick={[Function]}
  >
    E
  </div>
  <div
    className="die"
    onClick={[Function]}
  >
    Y
  </div>
</div>
`;
