// Jest Snapshot v1, https://goo.gl/fbAQLP

exports[`renders correctly 1`] = `
<div
  className="diceGrid"
>
  <div
    className="die"
    onClick={[Function]}
  >
    <div
      className="die-circle"
    >
      A
    </div>
  </div>
  <div
    className="die"
    onClick={[Function]}
  >
    <div
      className="die-circle"
    >
      E
    </div>
  </div>
  <div
    className="die"
    onClick={[Function]}
  >
    <div
      className="die-circle"
    >
      S
    </div>
  </div>
  <div
    className="die"
    onClick={[Function]}
  >
    <div
      className="die-circle"
    >
      Qu
    </div>
  </div>
  <div
    className="die"
    onClick={[Function]}
  >
    <div
      className="die-circle"
    >
      H
    </div>
  </div>
  <div
    className="die"
    onClick={[Function]}
  >
    <div
      className="die-circle"
    >
      N
    </div>
  </div>
  <div
    className="die"
    onClick={[Function]}
  >
    <div
      className="die-circle"
    >
      J
    </div>
  </div>
  <div
    className="die"
    onClick={[Function]}
  >
    <div
      className="die-circle"
    >
      C
    </div>
  </div>
  <div
    className="die"
    onClick={[Function]}
  >
    <div
      className="die-circle"
    >
      T
    </div>
  </div>
  <div
    className="die"
    onClick={[Function]}
  >
    <div
      className="die-circle"
    >
      P
    </div>
  </div>
  <div
    className="die"
    onClick={[Function]}
  >
    <div
      className="die-circle"
    >
      U
    </div>
  </div>
  <div
    className="die"
    onClick={[Function]}
  >
    <div
      className="die-circle"
    >
      U
    </div>
  </div>
  <div
    className="die"
    onClick={[Function]}
  >
    <div
      className="die-circle"
    >
      E
    </div>
  </div>
  <div
    className="die"
    onClick={[Function]}
  >
    <div
      className="die-circle"
    >
      M
    </div>
  </div>
  <div
    className="die"
    onClick={[Function]}
  >
    <div
      className="die-circle"
    >
      N
    </div>
  </div>
  <div
    className="die"
    onClick={[Function]}
  >
    <div
      className="die-circle"
    >
      I
    </div>
  </div>
  <div
    className="die"
    onClick={[Function]}
  >
    <div
      className="die-circle"
    >
      D
    </div>
  </div>
  <div
    className="die"
    onClick={[Function]}
  >
    <div
      className="die-circle"
    >
      N
    </div>
  </div>
  <div
    className="die"
    onClick={[Function]}
  >
    <div
      className="die-circle"
    >
      R
    </div>
  </div>
  <div
    className="die"
    onClick={[Function]}
  >
    <div
      className="die-circle"
    >
      S
    </div>
  </div>
  <div
    className="die"
    onClick={[Function]}
  >
    <div
      className="die-circle"
    >
      D
    </div>
  </div>
  <div
    className="die"
    onClick={[Function]}
  >
    <div
      className="die-circle"
    >
      Y
    </div>
  </div>
  <div
    className="die"
    onClick={[Function]}
  >
    <div
      className="die-circle"
    >
      W
    </div>
  </div>
  <div
    className="die"
    onClick={[Function]}
  >
    <div
      className="die-circle"
    >
      E
    </div>
  </div>
  <div
    className="die"
    onClick={[Function]}
  >
    <div
      className="die-circle"
    >
      Y
    </div>
  </div>
</div>
`;
