// Jest Snapshot v1, https://goo.gl/fbAQLP

exports[`renders correctly when not selected 1`] = `
<div
  className="die"
  onClick={[Function]}
>
  <div
    className="die-circle"
  />
</div>
`;

exports[`renders correctly when selected 1`] = `
<div
  className="die"
  onClick={[Function]}
>
  <div
    className="die-circle"
  />
</div>
`;
