// Jest Snapshot v1, https://goo.gl/fbAQLP

exports[`renders correctly 1`] = `
<div
  className="scoreBoard"
>
  <table>
    <tbody>
      <tr>
        <th
          className="leftCol"
        >
          Word
        </th>
        <th>
          Score
        </th>
      </tr>
      <tr>
        <td
          className="leftCol"
        >
          [
        </td>
        <td>
          0
        </td>
      </tr>
      <tr>
        <td
          className="leftCol"
        >
          '
        </td>
        <td>
          0
        </td>
      </tr>
      <tr>
        <td
          className="leftCol"
        >
          t
        </td>
        <td>
          0
        </td>
      </tr>
      <tr>
        <td
          className="leftCol"
        >
          e
        </td>
        <td>
          0
        </td>
      </tr>
      <tr>
        <td
          className="leftCol"
        >
          s
        </td>
        <td>
          0
        </td>
      </tr>
      <tr>
        <td
          className="leftCol"
        >
          ,
        </td>
        <td>
          0
        </td>
      </tr>
      <tr>
        <td
          className="leftCol"
        >
          q
        </td>
        <td>
          0
        </td>
      </tr>
      <tr>
        <td
          className="leftCol"
        >
          u
        </td>
        <td>
          0
        </td>
      </tr>
      <tr>
        <td
          className="leftCol"
        >
          a
        </td>
        <td>
          0
        </td>
      </tr>
      <tr>
        <td
          className="leftCol"
        >
          ]
        </td>
        <td>
          0
        </td>
      </tr>
      <tr>
        <th
          className="leftCol total"
        >
          Total
        </th>
        <th
          className="total"
        >
          0
        </th>
      </tr>
    </tbody>
  </table>
</div>
`;
